==============================================================================
 БАТЧ ЧЕРЕЗ СЕТЬ ОПЕРАТОРА
 Время      : 2026-10-09 15:37:31
 Метка      : Билайн Саратов (та же точка)
 Выход ДО   : en0 (10.116.143.9)
 Цели       : .research/gate0-targets-engels.txt
 Контроль   : https://ya.ru
 Расход     : 0 ₽
==============================================================================

Проверка пула входов: .research/gate0-targets-engels.txt
Контроль: https://ya.ru
======================================================================
контроль до              ✅ интернет есть

Глубокий замер: 91.215.42.5:443, попыток: 3
Контроль: https://ya.ru
----------------------------------------------------------------------
контроль до              ✅ интернет есть
    попытка 1/3: rc=0
    попытка 2/3: rc=0
    попытка 3/3: rc=0
----------------------------------------------------------------------
Итог 91.215.42.5:443 → TLS состоялся: 3 · пустой ответ после TLS (rc=52): 0 · обрыв на рукопожатии (rc=35): 0 · RST (rc=7, фильтр): 0 · таймаут (rc=28): 0 · прочее: 0
ВЕРДИКТ: адрес ПРОХОДИТ — TCP и TLS состоялись. Можно брать.
контроль после        ✅ интернет есть

Глубокий замер: 176.57.66.5:443, попыток: 3
Контроль: https://ya.ru
----------------------------------------------------------------------
контроль до              ✅ интернет есть
    попытка 1/3: rc=0
    попытка 2/3: rc=0
    попытка 3/3: rc=0
----------------------------------------------------------------------
Итог 176.57.66.5:443 → TLS состоялся: 3 · пустой ответ после TLS (rc=52): 0 · обрыв на рукопожатии (rc=35): 0 · RST (rc=7, фильтр): 0 · таймаут (rc=28): 0 · прочее: 0
ВЕРДИКТ: адрес ПРОХОДИТ — TCP и TLS состоялись. Можно брать.
контроль после        ✅ интернет есть

Глубокий замер: 91.215.43.5:443, попыток: 3
Контроль: https://ya.ru
----------------------------------------------------------------------
контроль до              ✅ интернет есть
    попытка 1/3: rc=0
    попытка 2/3: rc=0
    попытка 3/3: rc=0
----------------------------------------------------------------------
Итог 91.215.43.5:443 → TLS состоялся: 3 · пустой ответ после TLS (rc=52): 0 · обрыв на рукопожатии (rc=35): 0 · RST (rc=7, фильтр): 0 · таймаут (rc=28): 0 · прочее: 0
ВЕРДИКТ: адрес ПРОХОДИТ — TCP и TLS состоялись. Можно брать.
контроль после        ✅ интернет есть

Глубокий замер: 195.208.66.5:443, попыток: 3
Контроль: https://ya.ru
----------------------------------------------------------------------
контроль до              ✅ интернет есть
    попытка 1/3: rc=0
    попытка 2/3: rc=0
    попытка 3/3: rc=0
----------------------------------------------------------------------
Итог 195.208.66.5:443 → TLS состоялся: 3 · пустой ответ после TLS (rc=52): 0 · обрыв на рукопожатии (rc=35): 0 · RST (rc=7, фильтр): 0 · таймаут (rc=28): 0 · прочее: 0
ВЕРДИКТ: адрес ПРОХОДИТ — TCP и TLS состоялись. Можно брать.
контроль после        ✅ интернет есть

Глубокий замер: 1.1.1.1:443, попыток: 3
Контроль: https://ya.ru
----------------------------------------------------------------------
контроль до              ✅ интернет есть
    попытка 1/3: rc=0
    попытка 2/3: rc=0
    попытка 3/3: rc=0
----------------------------------------------------------------------
Итог 1.1.1.1:443 → TLS состоялся: 3 · пустой ответ после TLS (rc=52): 0 · обрыв на рукопожатии (rc=35): 0 · RST (rc=7, фильтр): 0 · таймаут (rc=28): 0 · прочее: 0
ВЕРДИКТ: адрес ПРОХОДИТ — TCP и TLS состоялись. Можно брать.
контроль после        ✅ интернет есть

Глубокий замер: 146.255.188.12:443, попыток: 3
Контроль: https://ya.ru
----------------------------------------------------------------------
контроль до              ✅ интернет есть
    попытка 1/3: rc=0
    попытка 2/3: rc=0
    попытка 3/3: rc=0
----------------------------------------------------------------------
Итог 146.255.188.12:443 → TLS состоялся: 3 · пустой ответ после TLS (rc=52): 0 · обрыв на рукопожатии (rc=35): 0 · RST (rc=7, фильтр): 0 · таймаут (rc=28): 0 · прочее: 0
ВЕРДИКТ: адрес ПРОХОДИТ — TCP и TLS состоялись. Можно брать.
контроль после        ✅ интернет есть

Глубокий замер: 77.221.147.230:443, попыток: 3
Контроль: https://ya.ru
----------------------------------------------------------------------
контроль до              ✅ интернет есть
    попытка 1/3: rc=0
    попытка 2/3: rc=0
    попытка 3/3: rc=0
----------------------------------------------------------------------
Итог 77.221.147.230:443 → TLS состоялся: 3 · пустой ответ после TLS (rc=52): 0 · обрыв на рукопожатии (rc=35): 0 · RST (rc=7, фильтр): 0 · таймаут (rc=28): 0 · прочее: 0
ВЕРДИКТ: адрес ПРОХОДИТ — TCP и TLS состоялись. Можно брать.
контроль после        ✅ интернет есть

Глубокий замер: 72.56.38.62:443, попыток: 3
Контроль: https://ya.ru
----------------------------------------------------------------------
контроль до              ✅ интернет есть
    попытка 1/3: rc=0
    попытка 2/3: rc=0
    попытка 3/3: rc=0
----------------------------------------------------------------------
Итог 72.56.38.62:443 → TLS состоялся: 3 · пустой ответ после TLS (rc=52): 0 · обрыв на рукопожатии (rc=35): 0 · RST (rc=7, фильтр): 0 · таймаут (rc=28): 0 · прочее: 0
ВЕРДИКТ: адрес ПРОХОДИТ — TCP и TLS состоялись. Можно брать.
контроль после        ✅ интернет есть
контроль после           ✅ интернет есть
======================================================================
Проверено входов: 8. Не забудьте: нужен минимум ОДИН резервный адрес
в другой /24 у второго хостера — без него цикл замены занимает сутки.

------------------------------------------------------------------------------
 Выход ПОСЛЕ : en0 (10.116.143.9)
 ИТОГ        : ДЕЙСТВИТЕЛЕН
 CSV         : .research/probes.csv
 Лог         : .research/batch-beeline-2026-10-09.log
==============================================================================
