==============================================================================
 ЭТАП 0 — бесплатный замер. Оператор: MTS, регион: Саратов
 Метка отчёта: MTS Саратов
 Время: 2026-10-09 14:02:05
 Лог: .research/gate0-2026-10-09.log   CSV: .research/probes.csv
 Расход: 0 ₽. Ничего не покупается и не меняется.
==============================================================================

1. ПРЕДПОЛЁТНАЯ ПРОВЕРКА (без неё замер недействителен)
------------------------------------------------------------------------------
  Интерфейс по умолчанию : en0  (172.20.10.2)
  Шлюз                   : 172.20.10.1
  Wi-Fi интерфейс        : en0 — питание: On
  ✅ трафик идёт через точку доступа телефона «» (172.20.10.2) — это мобильная сеть
      Проверьте на телефоне: Wi-Fi ВЫКЛЮЧЕН, горит 4G/5G. Иначе раздаётся домашний Wi-Fi.
  ⚠️  Wi-Fi на ноутбуке включён — выключите, чтобы исключить утечку трафика мимо SIM
  ⚠️  есть интерфейсы utun (4), но маршрут по умолчанию не через них — проверьте, что VPN выключен

2. ВЫБОР КОНТРОЛЬНОГО URL (под ограничениями внешний контроль может быть закрыт)
------------------------------------------------------------------------------
  https://ya.ru                ✅ rc=0
  https://mail.ru              ✅ rc=0
  https://www.sberbank.ru      ✅ rc=0
  https://www.gosuslugi.ru     ❌ rc=35
  https://ifconfig.co          ❌ rc=28
  ✅ контроль: https://ya.ru

3. КОНТРОЛЬНАЯ ПАРА (начало батча)
------------------------------------------------------------------------------
  ❌ разрешённый адрес https://ya.ru → rc=28 (контроль не сработал — замер будет недостоверен)
  ⚠️  заблокированный 150.241.106.75:443 → rc=28 (тишина) — сервер мог не ответить; контроль слабый

4. АДРЕСА-КАНДИДАТЫ В ПЛОТНЫХ БЕЛЫХ ПОДСЕТЯХ (--deep, 3 попытки)
   Ожидание под режимом: rc=28 (тишина) = подсеть пропускается; rc=7 = блок.
------------------------------------------------------------------------------

>>> 91.215.42.5  (DDoS-Guard 253/256, есть и в CIDR)
Глубокий замер: 91.215.42.5:443, попыток: 3
Контроль: https://ya.ru
----------------------------------------------------------------------
контроль до              ✅ интернет есть
    попытка 1/3: rc=0
    попытка 2/3: rc=0
    попытка 3/3: rc=0
----------------------------------------------------------------------
Итог 91.215.42.5:443 → TLS состоялся: 3 · пустой ответ после TLS (rc=52): 0 · обрыв на рукопожатии (rc=35): 0 · RST (rc=7, фильтр): 0 · таймаут (rc=28): 0 · прочее: 0
ВЕРДИКТ: адрес ПРОХОДИТ — TCP и TLS состоялись. Можно брать.
контроль после        ✅ интернет есть


>>> 176.57.66.5  (DDoS-Guard 250/256, НЕТ в CIDR)
Глубокий замер: 176.57.66.5:443, попыток: 3
Контроль: https://ya.ru
----------------------------------------------------------------------
контроль до              ✅ интернет есть
    попытка 1/3: rc=0
    попытка 2/3: rc=0
    попытка 3/3: rc=0
----------------------------------------------------------------------
Итог 176.57.66.5:443 → TLS состоялся: 3 · пустой ответ после TLS (rc=52): 0 · обрыв на рукопожатии (rc=35): 0 · RST (rc=7, фильтр): 0 · таймаут (rc=28): 0 · прочее: 0
ВЕРДИКТ: адрес ПРОХОДИТ — TCP и TLS состоялись. Можно брать.
контроль после        ✅ интернет есть


>>> 195.208.66.5  (251/256, есть и в CIDR)
Глубокий замер: 195.208.66.5:443, попыток: 3
Контроль: https://ya.ru
----------------------------------------------------------------------
контроль до              ✅ интернет есть
    попытка 1/3: rc=0
    попытка 2/3: rc=0
    попытка 3/3: rc=0
----------------------------------------------------------------------
Итог 195.208.66.5:443 → TLS состоялся: 3 · пустой ответ после TLS (rc=52): 0 · обрыв на рукопожатии (rc=35): 0 · RST (rc=7, фильтр): 0 · таймаут (rc=28): 0 · прочее: 0
ВЕРДИКТ: адрес ПРОХОДИТ — TCP и TLS состоялись. Можно брать.
контроль после        ✅ интернет есть


>>> 95.181.181.5  (EdgeCenter 248/256, есть и в CIDR)
Глубокий замер: 95.181.181.5:443, попыток: 3
Контроль: https://ya.ru
----------------------------------------------------------------------
контроль до              ✅ интернет есть
    попытка 1/3: rc=56
    попытка 2/3: rc=56
    попытка 3/3: rc=56
----------------------------------------------------------------------
Итог 95.181.181.5:443 → TLS состоялся: 0 · пустой ответ после TLS (rc=52): 0 · обрыв на рукопожатии (rc=35): 0 · RST (rc=7, фильтр): 0 · таймаут (rc=28): 0 · прочее: 3
ВЕРДИКТ: смешанная картина — режим переключается по вышкам. Повтори замер.
контроль после        ✅ интернет есть


5. ЭФФЕКТ СОСЕДА: пустые адреса .1/.77/.254 в плотных /24
------------------------------------------------------------------------------

>>> 91.215.42.0/24
Проверяю /24 91.215.42.0/24 — по 3 попытки на адрес
Контроль: https://ya.ru
----------------------------------------------------------------------
91.215.42.1      ⚠️  на адресе кто-то есть (rc TOS/TLS) — для проверки /24 бери пустой
91.215.42.77     ⚠️  на адресе кто-то есть (rc TOS/TLS) — для проверки /24 бери пустой
91.215.42.254    ⚠️  на адресе кто-то есть (rc TOS/TLS) — для проверки /24 бери пустой
----------------------------------------------------------------------
Как читать: «ПРОХОДИТ» хотя бы на одном пустом адресе — вся /24, скорее
всего, пропускается (фильтр по подсети). «БЛОК» на всех — подсеть закрыта.
Контроль в конце: https://ya.ru
контроль после        ✅ интернет есть

>>> 176.57.66.0/24
Проверяю /24 176.57.66.0/24 — по 3 попытки на адрес
Контроль: https://ya.ru
----------------------------------------------------------------------
176.57.66.1      ⚠️  на адресе кто-то есть (rc TOS/TLS) — для проверки /24 бери пустой
176.57.66.77     ⚠️  на адресе кто-то есть (rc TOS/TLS) — для проверки /24 бери пустой
176.57.66.254    ⚠️  на адресе кто-то есть (rc TOS/TLS) — для проверки /24 бери пустой
----------------------------------------------------------------------
Как читать: «ПРОХОДИТ» хотя бы на одном пустом адресе — вся /24, скорее
всего, пропускается (фильтр по подсети). «БЛОК» на всех — подсеть закрыта.
Контроль в конце: https://ya.ru
контроль после        ✅ интернет есть

6. IPv6-ГИПОТЕЗА (в списке 0 IPv6 — возможно, фильтр только по IPv4)
------------------------------------------------------------------------------
  Глобального IPv6 на en0 нет → у оператора абоненту IPv6 не выдаётся.
  Гипотезу на этой SIM проверить НЕВОЗМОЖНО (это не «не работает», это «не применимо»).

7. КОНТРОЛЬ В КОНЦЕ БАТЧА
------------------------------------------------------------------------------
  ✅ разрешённый адрес https://ya.ru → rc=0 (режим не переключился во время замера)
  заблокированный 150.241.106.75:443 → rc=28

==============================================================================
 ИТОГ ЭТАПА 0
   контроль начало/конец: rc=28 / rc=0
   негативный контроль  : rc=28 / rc=28   (7 = фильтр работает)
   пройдено проверок: 3, провалено: 1, предупреждений: 3
   CSV: .research/probes.csv
   Лог: .research/gate0-2026-10-09.log
==============================================================================
Как читать ГЛАВНОЕ:
  • негативный контроль rc=7 И хотя бы один кандидат дал rc=28/0 → режим ограничений
    ВКЛЮЧЁН и вход в разрешённой подсети существует. Это зелёный свет на этап 1.
  • ВСЁ дало rc=7 (и кандидаты, и .1/.77/.254) → либо режим выключен, либо фильтр
    другой природы. ДЕНЬГИ НЕ ТРАТИТЬ, вернуться к владельцу с вопросом,
    где именно он наблюдает ограничения.
  • контроль rc≠0 → сеть мертва, замер недействителен, повторить позже.
==============================================================================
